<html>
<body>
<pre>
<h1>礦ision Build Log</h1>
<h2>Tool Versions:</h2>
IDE-Version: μVision V5.14.2
Copyright (C) 2015 ARM Ltd and ARM Germany GmbH. All rights reserved.
License Information: Cortex-M3, Microsoft, LIC=4ZLLQ-NBGRB-C0SN2-98FNG-CKLD7-87BRI
 
Tool Versions:
Toolchain:       MDK-ARM Professional  Version: 5.11.0.0
Toolchain Path:  C:\Keil_v5\ARM\ARMCC\Bin
C Compiler:      Armcc.exe V5.04 update 1 (build 49)
Assembler:       Armasm.exe V5.04 update 1 (build 49)
Linker/Locator:  ArmLink.exe V5.04 update 1 (build 49)
Library Manager: ArmAr.exe V5.04 update 1 (build 49)
Hex Converter:   FromElf.exe V5.04 update 1 (build 49)
CPU DLL:         SARMCM3.DLL V5.11.0.0
Dialog DLL:      DARMSTM.DLL V1.65.0.0
Target DLL:      UL2CM3.DLL V1.152.17.0
Dialog DLL:      TARMSTM.DLL V1.64.0.0
 
<h2>Project:</h2>
E:\BaiduNetdiskDownload\OneNET开发板--资料、软件下载\资料\RTOS资料\FreeRTOS\FreeRTOSv9.0.0\FreeRTOS\Demo\CORTEX_STM32F103_Keil\RTOSDemo.uvproj
Project File Date:  <unknown>

<h2>Output:</h2>
*** Using Compiler 'V5.04 update 1 (build 49)', folder: 'C:\Keil_v5\ARM\ARMCC\Bin'
Rebuild target 'Target 1'
assembling STM32F10x.s...
compiling lcd.c...
assembling cortexm3_macro_rvds.s...
compiling stm32f10x_usart.c...
compiling stm32f10x_gpio.c...
compiling stm32f10x_lib.c...
compiling stm32f10x_nvic.c...
compiling stm32f10x_rcc.c...
compiling stm32f10x_spi.c...
compiling stm32f10x_systick.c...
compiling stm32f10x_tim.c...
compiling ParTest.c...
compiling serial.c...
compiling timertest.c...
compiling main.c...
compiling spi_flash.c...
compiling semtest.c...
compiling BlockQ.c...
compiling blocktim.c...
compiling comtest.c...
compiling death.c...
compiling flash.c...
compiling integer.c...
compiling PollQ.c...
compiling tasks.c...
compiling list.c...
compiling queue.c...
compiling port.c...
compiling heap_2.c...
linking...
Program Size: Code=22570 RO-data=14530 RW-data=252 ZI-data=18148  
".\RTOSDemo.axf" - 0 Error(s), 0 Warning(s).
</pre>
</body>
</html>
